---
source: crates/tui/tests/all_views.rs
expression: "render_to_string(40, 30, |frame|\n{ TimelinePane::render(frame, frame.area(), &session, 3, 0, true); })"
---
┌ Timeline [1] ────────────────────────┐
│ 2026-04-03T01:06:55Z 📋 Session star │
│ 2026-04-03T01:07:00Z 💬 Summarize th │
│ 2026-04-03T01:07:05Z 📖 CLAUDE.md lo │
│ 2026-04-03T01:07:10Z 🔧 Read crate g │
│ 2026-04-03T01:07:15Z 🚫 Permission d │
│                                      │
│                                      │
│                                      │
│                                      │
│                                      │
│                                      │
│                                      │
│                                      │
│                                      │
│                                      │
│                                      │
│                                      │
│                                      │
│                                      │
│                                      │
│                                      │
│                                      │
│                                      │
│                                      │
│                                      │
│                                      │
│                                      │
│ █████                                │
└──────────────────────────────────────┘
