---
source: crates/tui/tests/all_views.rs
expression: "render_to_string(120, 40, |frame|\n{ ReplayView::render(frame, frame.area(), &state); })"
---
┌ Replay session-  [Tab] focus  [1/2/3] jump  [Enter] evidence  [Esc] back ────────────────────────────────────────────┐
│┌ Timeline [1] ───────────────────────────────────────────┐┌ Transcript [2] ─────────────────────────────────────────┐│
││   📋 2026-04-03T01:06:40Z                               ││ USER: Build the transcript pane for this session        ││
││   📋 2026-04-03T01:06:50Z                               ││       replay.                                           ││
││   🔧 2026-04-03T01:07:00Z                               ││ CLAUDE: I am rendering a real conversation view with    ││
││   🛡️ 2026-04-03T01:07:05Z                               ││         tool cards and subagent sections.               ││
││   🔧 2026-04-03T01:07:07Z                               ││ ┌─ Tool: exec_command ───────────────────────────────── ││
││ ▸ 🚫 2026-04-03T01:07:10Z                               ││ │command: cargo test -p tui -- transcript             │ ││
││                                                         ││ │→ Compiling tui v0.1.0                               │ ││
││                                                         ││ │  error[E0004]: SessionEventKind::Retry not covered  │ ││
││                                                         ││ │  help: add a match arm for Retry                    │ ││
││                                                         ││ └─────────────────────────────────────────────────────┘ ││
││                                                         ││ ▏ 🤖 Agent: review [expanded]                           ││
││                                                         ││ ▏ Use e to collapse or expand this subagent section.    ││
││                                                         ││ ▏   CLAUDE: Subagent reviewed the transcript widget     ││
││                                                         ││ ▏           output and confirmed the tool card shape.   ││
││                                                         ││ CLAUDE: The permission-denied event stays visible in    ││
││                                                         ││         the timeline while the transcript follows the   ││
││                                                         ││         selected entry.                                 ││
││                                                         ││                                                         ││
││                                                         ││                                                         ││
││                                                         ││                                                         ││
││                                                         ││                                                         ││
││                                                         ││                                                         ││
││                                                         ││                                                         ││
││                                                         ││                                                         ││
││                                                         ││                                                         ││
││                                                         ││                                                         ││
││                                                         ││                                                         ││
││                                                         ││                                                         ││
││                                                         ││                                                         ││
││                                                         ││                                                         ││
││                                                         ││                                                         ││
││                                                         ││                                                         ││
││                                                         ││                                                         ││
││                                                         ││                                                         ││
││                                                         ││                                                         ││
│└─────────────────────────────────────────────────────────┘└─────────────────────────────────────────────────────────┘│
│                        session- • $0.42 • 768 tok • 2 tools • 🔴 errors • 2026-04-03T01:07:10Z                       │
└──────────────────────────────────────────────────────────────────────────────────────────────────────────────────────┘
