---
source: crates/tui/tests/all_views.rs
expression: "render_to_string(120, 40, |frame| view.render(frame, frame.area()))"
---
┌ CLAUDE INSIGHT ──────────────────────────────────────────────────────────────────────────────────────────────────────┐
│◉ Sessions                        [/] Search  [s] date                                                                │
│                               Failed to load sessions. Check daemon logs and try again.                              │
│                                                                                                                      │
│                                                                                                                      │
│                                                                                                                      │
│                                                                                                                      │
│                                                                                                                      │
│                                                                                                                      │
│                                                                                                                      │
│                                                                                                                      │
│                                                                                                                      │
│                                                                                                                      │
│                                                                                                                      │
│                                                                                                                      │
│                                                                                                                      │
│                                                                                                                      │
│                                                                                                                      │
│                                                                                                                      │
│                                                                                                                      │
│                                                                                                                      │
│                                                                                                                      │
│                                                                                                                      │
│                                                                                                                      │
│                                                                                                                      │
│                                                                                                                      │
│                                                                                                                      │
│                                                                                                                      │
│                                                                                                                      │
│                                                                                                                      │
│                                                                                                                      │
│                                                                                                                      │
│                                                                                                                      │
│                                                                                                                      │
│                                                                                                                      │
│                                                                                                                      │
│                                                                                                                      │
│▁▂▃▅▇ = activity sparkline    🟢🟡🔴 = session mood                                                                   │
│                             j/k navigate  Enter open  s sort  f filter  / search  q quit                             │
└──────────────────────────────────────────────────────────────────────────────────────────────────────────────────────┘
