---
source: crates/tui/tests/all_views.rs
expression: "render_to_string(60, 30, |frame|\n{ ReplayView::render(frame, frame.area(), &state); })"
---
┌ Replay session-  [Tab] focus  [1/2/3] jump  [Enter] evide┐
│┌ Timeline [1] ──────────────────────────────────────────┐│
││   📋 2026-04-03T01:06:40Z                              ││
││   📋 2026-04-03T01:06:50Z                              ││
││   🔧 2026-04-03T01:07:00Z                              ││
││   ❓ 2026-04-03T01:07:05Z                              ││
││   🔧 2026-04-03T01:07:07Z                              ││
││ ▸ 🚫 2026-04-03T01:07:10Z                              ││
││                                                        ││
││                                                        ││
││                                                        ││
││                                                        ││
││                                                        ││
││                                                        ││
││                                                        ││
││                                                        ││
││                                                        ││
││                                                        ││
││                                                        ││
││                                                        ││
││                                                        ││
││                                                        ││
││                                                        ││
││                                                        ││
││                                                        ││
││                                                        ││
││                                                        ││
│└────────────────────────────────────────────────────────┘│
│ session- • $0.42 • 768 tok • 2 tools • 🔴 errors • 2026-0│
└──────────────────────────────────────────────────────────┘
