---
source: crates/tui/src/replay.rs
expression: "render_replay(sample_state(), 120, 40)"
---
┌ Replay session-  [Tab] focus  [1/2/3] jump  [Enter] evidence  [Esc] back ────────────────────────────────────────────┐
│┌ Timeline [1] ───────────────────────────────────────────┐┌ Transcript [2] ─────────────────────────────────────────┐│
││   🔧 2026-04-03T01:07:00Z                               ││ session session-                                        ││
││   ❓ 2026-04-03T01:07:05Z                               ││ branch feature/replay-layout                            ││
││ ▸ 🚫 2026-04-03T01:07:10Z                               ││                                                         ││
││                                                         ││ Transcript content lands in MOT-130.                    ││
││                                                         ││ This ticket wires layout, focus, and responsive behavio ││
││                                                         ││                                                         ││
││                                                         ││                                                         ││
││                                                         ││                                                         ││
││                                                         ││                                                         ││
││                                                         ││                                                         ││
││                                                         ││                                                         ││
││                                                         ││                                                         ││
││                                                         ││                                                         ││
││                                                         ││                                                         ││
││                                                         ││                                                         ││
││                                                         ││                                                         ││
││                                                         ││                                                         ││
││                                                         ││                                                         ││
││                                                         ││                                                         ││
││                                                         ││                                                         ││
││                                                         ││                                                         ││
││                                                         ││                                                         ││
││                                                         ││                                                         ││
││                                                         ││                                                         ││
││                                                         ││                                                         ││
││                                                         ││                                                         ││
││                                                         ││                                                         ││
││                                                         ││                                                         ││
││                                                         ││                                                         ││
││                                                         ││                                                         ││
││                                                         ││                                                         ││
││                                                         ││                                                         ││
││                                                         ││                                                         ││
││                                                         ││                                                         ││
││                                                         ││                                                         ││
│└─────────────────────────────────────────────────────────┘└─────────────────────────────────────────────────────────┘│
│                        session- • $0.42 • 384 tok • 1 tools • 🔴 errors • 2026-04-03T01:07:10Z                       │
└──────────────────────────────────────────────────────────────────────────────────────────────────────────────────────┘
