---
source: crates/tui/src/replay.rs
assertion_line: 514
expression: "render_replay(sample_selected_state(), 180, 50)"
---
┌ Replay session-  [Tab] focus  [1/2/3] jump  [Enter] evidence  [Esc] back ────────────────────────────────────────────────────────────────────────────────────────────────────────┐
│┌ Timeline [1] ───────────────────────────────────────────────────────┐┌ Transcript [2] ─────────────────────────────────────────────┐┌ Evidence [3] ────────────────────────────┐│
││   🔧 2026-04-03T01:07:00Z                                           ││ session session-                                            ││ InstructionsLoaded                       ││
││   ❓ 2026-04-03T01:07:05Z                                           ││ branch feature/replay-layout                                ││ 🚫  01:07:10                             ││
││ ▸ 🚫 2026-04-03T01:07:10Z  [selected]                               ││                                                             ││                                          ││
││                                                                     ││ Transcript content lands in MOT-130.                        ││ Instruction Provenance                   ││
││                                                                     ││ This ticket wires layout, focus, and responsive behavior on ││ File:                                    ││
││                                                                     ││                                                             ││ /workspace/claude-insight/CLAUDE.md      ││
││                                                                     ││                                                             ││ Memory: project                          ││
││                                                                     ││                                                             ││ Reason: session-start                    ││
││                                                                     ││                                                             ││                                          ││
││                                                                     ││                                                             ││ Linked Events                            ││
││                                                                     ││                                                             ││ ├── PreToolUse (01:07:00)                ││
││                                                                     ││                                                             ││ └── PostToolUse (01:07:12)               ││
││                                                                     ││                                                             ││                                          ││
││                                                                     ││                                                             ││ Raw JSON                                 ││
││                                                                     ││                                                             ││ {                                        ││
││                                                                     ││                                                             ││   "file_path":                           ││
││                                                                     ││                                                             ││ "/workspace/claude-insight/CLAUDE.md",   ││
││                                                                     ││                                                             ││   "hook_event_name":                     ││
││                                                                     ││                                                             ││ "InstructionsLoaded",                    ││
││                                                                     ││                                                             ││   "load_reason": "session-start",        ││
││                                                                     ││                                                             ││   "memory_type": "project"               ││
││                                                                     ││                                                             ││ }                                        ││
││                                                                     ││                                                             ││                                          ││
││                                                                     ││                                                             ││                                          ││
││                                                                     ││                                                             ││                                          ││
││                                                                     ││                                                             ││                                          ││
││                                                                     ││                                                             ││                                          ││
││                                                                     ││                                                             ││                                          ││
││                                                                     ││                                                             ││                                          ││
││                                                                     ││                                                             ││                                          ││
││                                                                     ││                                                             ││                                          ││
││                                                                     ││                                                             ││                                          ││
││                                                                     ││                                                             ││                                          ││
││                                                                     ││                                                             ││                                          ││
││                                                                     ││                                                             ││                                          ││
││                                                                     ││                                                             ││                                          ││
││                                                                     ││                                                             ││                                          ││
││                                                                     ││                                                             ││                                          ││
││                                                                     ││                                                             ││                                          ││
││                                                                     ││                                                             ││                                          ││
││                                                                     ││                                                             ││                                          ││
││                                                                     ││                                                             ││                                          ││
││                                                                     ││                                                             ││                                          ││
││                                                                     ││                                                             ││                                          ││
││                                                                     ││                                                             ││                                          ││
│└─────────────────────────────────────────────────────────────────────┘└─────────────────────────────────────────────────────────────┘└──────────────────────────────────────────┘│
│                                                      session- • $0.42 • 384 tok • 1 tools • 🔴 errors • 2026-04-03T01:07:10Z                                                     │
└──────────────────────────────────────────────────────────────────────────────────────────────────────────────────────────────────────────────────────────────────────────────────┘
