---
source: crates/tui/src/replay.rs
expression: "render_replay(sample_state(), 180, 50)"
---
┌ Replay session-  [Tab] focus  [1/2/3] jump  [?] help  [/] search  [Esc] back ────────────────────────────────────────────────────────────────────────────────────────────────────┐
│┌ Timeline [1] ───────────────────────────────────────────────────────┐┌ Transcript [2] ─────────────────────────────────────────────┐┌ Evidence [3] ────────────────────────────┐│
││   📋 UserPromptSubmit  2026-04-03T01:07:00Z                         ││   UserPromptSubmit · Open src/lib.rs and inspect the main   ││ event 4                                  ││
││   🔧 PreToolUse  2026-04-03T01:07:05Z                               ││   PreToolUse · Bash · cat src/lib.rs                        ││ 2026-04-03T01:07:15Z                     ││
││   🚫 PermissionDenied  2026-04-03T01:07:10Z                         ││   PermissionDenied · Permission denied for unsafe command   ││ type UserPromptSubmit                    ││
││ ▸ 📋 UserPromptSubmit  2026-04-03T01:07:15Z                         ││ ▸ UserPromptSubmit · Search for Retry handling.             ││                                          ││
││                                                                     ││                                                             ││ Search for Retry handling.               ││
││                                                                     ││                                                             ││                                          ││
││                                                                     ││                                                             ││ y copy JSON  o open file  l linked event ││
││                                                                     ││                                                             ││                                          ││
││                                                                     ││                                                             ││                                          ││
││                                                                     ││                                                             ││                                          ││
││                                                                     ││                                                             ││                                          ││
││                                                                     ││                                                             ││                                          ││
││                                                                     ││                                                             ││                                          ││
││                                                                     ││                                                             ││                                          ││
││                                                                     ││                                                             ││                                          ││
││                                                                     ││                                                             ││                                          ││
││                                                                     ││                                                             ││                                          ││
││                                                                     ││                                                             ││                                          ││
││                                                                     ││                                                             ││                                          ││
││                                                                     ││                                                             ││                                          ││
││                                                                     ││                                                             ││                                          ││
││                                                                     ││                                                             ││                                          ││
││                                                                     ││                                                             ││                                          ││
││                                                                     ││                                                             ││                                          ││
││                                                                     ││                                                             ││                                          ││
││                                                                     ││                                                             ││                                          ││
││                                                                     ││                                                             ││                                          ││
││                                                                     ││                                                             ││                                          ││
││                                                                     ││                                                             ││                                          ││
││                                                                     ││                                                             ││                                          ││
││                                                                     ││                                                             ││                                          ││
││                                                                     ││                                                             ││                                          ││
││                                                                     ││                                                             ││                                          ││
││                                                                     ││                                                             ││                                          ││
││                                                                     ││                                                             ││                                          ││
││                                                                     ││                                                             ││                                          ││
││                                                                     ││                                                             ││                                          ││
││                                                                     ││                                                             ││                                          ││
││                                                                     ││                                                             ││                                          ││
││                                                                     ││                                                             ││                                          ││
││                                                                     ││                                                             ││                                          ││
││                                                                     ││                                                             ││                                          ││
││                                                                     ││                                                             ││                                          ││
││                                                                     ││                                                             ││                                          ││
││                                                                     ││                                                             ││                                          ││
│└─────────────────────────────────────────────────────────────────────┘└─────────────────────────────────────────────────────────────┘└──────────────────────────────────────────┘│
│                                                           session- • $0.42 • 512 tok • 1 tools • chain:off • 🔴 errors                                                           │
└──────────────────────────────────────────────────────────────────────────────────────────────────────────────────────────────────────────────────────────────────────────────────┘
