---
source: crates/tui/src/replay.rs
expression: "render_replay(sample_state(), 120, 40)"
---
┌ Replay session-  [Tab] focus  [1/2/3] jump  [?] help  [/] search  [Esc] back ────────────────────────────────────────┐
│┌ Timeline [1] ───────────────────────────────────────────┐┌ Transcript [2] ─────────────────────────────────────────┐│
││   📋 UserPromptSubmit  2026-04-03T01:07:00Z             ││   UserPromptSubmit · Open src/lib.rs and inspect the ma ││
││   🔧 PreToolUse  2026-04-03T01:07:05Z                   ││   PreToolUse · Bash · cat src/lib.rs                    ││
││   🚫 PermissionDenied  2026-04-03T01:07:10Z             ││   PermissionDenied · Permission denied for unsafe comma ││
││ ▸ 📋 UserPromptSubmit  2026-04-03T01:07:15Z             ││ ▸ UserPromptSubmit · Search for Retry handling.         ││
││                                                         ││                                                         ││
││                                                         ││                                                         ││
││                                                         ││                                                         ││
││                                                         ││                                                         ││
││                                                         ││                                                         ││
││                                                         ││                                                         ││
││                                                         ││                                                         ││
││                                                         ││                                                         ││
││                                                         ││                                                         ││
││                                                         ││                                                         ││
││                                                         ││                                                         ││
││                                                         ││                                                         ││
││                                                         ││                                                         ││
││                                                         ││                                                         ││
││                                                         ││                                                         ││
││                                                         ││                                                         ││
││                                                         ││                                                         ││
││                                                         ││                                                         ││
││                                                         ││                                                         ││
││                                                         ││                                                         ││
││                                                         ││                                                         ││
││                                                         ││                                                         ││
││                                                         ││                                                         ││
││                                                         ││                                                         ││
││                                                         ││                                                         ││
││                                                         ││                                                         ││
││                                                         ││                                                         ││
││                                                         ││                                                         ││
││                                                         ││                                                         ││
││                                                         ││                                                         ││
││                                                         ││                                                         ││
│└─────────────────────────────────────────────────────────┘└─────────────────────────────────────────────────────────┘│
│                             session- • $0.42 • 512 tok • 1 tools • chain:off • 🔴 errors                             │
└──────────────────────────────────────────────────────────────────────────────────────────────────────────────────────┘
