---
source: crates/tui/src/session_list.rs
expression: "render_session_list(sample_sessions(), 120, 40)"
---
┌ CLAUDE INSIGHT ──────────────────────────────────────────────────────────────────────────────────────────────────────┐
│◉ Sessions                        [/] Search  [s] date                                                                │
│▸ #1  main                     2min ago   ████           $0.42    2 tools    🟢 clean                                 │
│  #2  feature/tui-session-list 1hr ago    ████           $1.23    1 tools    🟡 friction                              │
│  #3  main                     5hr ago    ██             $0.05    1 tools    🔴 errors                                │
│                                                                                                                      │
│                                                                                                                      │
│                                                                                                                      │
│                                                                                                                      │
│                                                                                                                      │
│                                                                                                                      │
│                                                                                                                      │
│                                                                                                                      │
│                                                                                                                      │
│                                                                                                                      │
│                                                                                                                      │
│                                                                                                                      │
│                                                                                                                      │
│                                                                                                                      │
│                                                                                                                      │
│                                                                                                                      │
│                                                                                                                      │
│                                                                                                                      │
│                                                                                                                      │
│                                                                                                                      │
│                                                                                                                      │
│                                                                                                                      │
│                                                                                                                      │
│                                                                                                                      │
│                                                                                                                      │
│                                                                                                                      │
│                                                                                                                      │
│                                                                                                                      │
│                                                                                                                      │
│                                                                                                                      │
│                                                                                                                      │
│                                                                                                                      │
│▁▂▃▅▇ = activity sparkline    🟢🟡🔴 = session mood                                                                   │
│                             j/k navigate  Enter open  s sort  f filter  / search  q quit                             │
└──────────────────────────────────────────────────────────────────────────────────────────────────────────────────────┘
