---
source: crates/tui/src/replay.rs
expression: "render_replay(sample_state(), 180, 50)"
---
┌ Replay session-  [Tab] focus  [1/2/3] jump  [Enter] evidence  [Esc] back ────────────────────────────────────────────────────────────────────────────────────────────────────────┐
│┌ Timeline [1] ───────────────────────────────────────────────────────┐┌ Transcript [2] ─────────────────────────────────────────────┐┌ Evidence [3] ────────────────────────────┐│
││   🔧 2026-04-03T01:07:00Z                                           ││ session session-                                            ││ event 3                                  ││
││   ❓ 2026-04-03T01:07:05Z                                           ││ branch feature/replay-layout                                ││ 2026-04-03T01:07:10Z                     ││
││ ▸ 🚫 2026-04-03T01:07:10Z                                           ││                                                             ││                                          ││
││                                                                     ││ Transcript content lands in MOT-130.                        ││ Evidence details land in MOT-131.        ││
││                                                                     ││ This ticket wires layout, focus, and responsive behavior on ││ Press Tab or 1/2/3 to switch panes.      ││
││                                                                     ││                                                             ││ Press Esc to return to the session list. ││
││                                                                     ││                                                             ││                                          ││
││                                                                     ││                                                             ││                                          ││
││                                                                     ││                                                             ││                                          ││
││                                                                     ││                                                             ││                                          ││
││                                                                     ││                                                             ││                                          ││
││                                                                     ││                                                             ││                                          ││
││                                                                     ││                                                             ││                                          ││
││                                                                     ││                                                             ││                                          ││
││                                                                     ││                                                             ││                                          ││
││                                                                     ││                                                             ││                                          ││
││                                                                     ││                                                             ││                                          ││
││                                                                     ││                                                             ││                                          ││
││                                                                     ││                                                             ││                                          ││
││                                                                     ││                                                             ││                                          ││
││                                                                     ││                                                             ││                                          ││
││                                                                     ││                                                             ││                                          ││
││                                                                     ││                                                             ││                                          ││
││                                                                     ││                                                             ││                                          ││
││                                                                     ││                                                             ││                                          ││
││                                                                     ││                                                             ││                                          ││
││                                                                     ││                                                             ││                                          ││
││                                                                     ││                                                             ││                                          ││
││                                                                     ││                                                             ││                                          ││
││                                                                     ││                                                             ││                                          ││
││                                                                     ││                                                             ││                                          ││
││                                                                     ││                                                             ││                                          ││
││                                                                     ││                                                             ││                                          ││
││                                                                     ││                                                             ││                                          ││
││                                                                     ││                                                             ││                                          ││
││                                                                     ││                                                             ││                                          ││
││                                                                     ││                                                             ││                                          ││
││                                                                     ││                                                             ││                                          ││
││                                                                     ││                                                             ││                                          ││
││                                                                     ││                                                             ││                                          ││
││                                                                     ││                                                             ││                                          ││
││                                                                     ││                                                             ││                                          ││
││                                                                     ││                                                             ││                                          ││
││                                                                     ││                                                             ││                                          ││
││                                                                     ││                                                             ││                                          ││
│└─────────────────────────────────────────────────────────────────────┘└─────────────────────────────────────────────────────────────┘└──────────────────────────────────────────┘│
│                                                      session- • $0.42 • 384 tok • 1 tools • 🔴 errors • 2026-04-03T01:07:10Z                                                     │
└──────────────────────────────────────────────────────────────────────────────────────────────────────────────────────────────────────────────────────────────────────────────────┘
