---
source: crates/tui/src/replay.rs
assertion_line: 524
expression: "render_replay(sample_selected_state(), 60, 30)"
---
┌ Replay session-  [Tab] focus  [1/2/3] jump  [Enter] evide┐
│┌ Evidence [3] ──────────────────────────────────────────┐│
││ InstructionsLoaded                                     ││
││ 🚫  01:07:10                                           ││
││                                                        ││
││ Instruction Provenance                                 ││
││ File: /workspace/claude-insight/CLAUDE.md              ││
││ Memory: project                                        ││
││ Reason: session-start                                  ││
││                                                        ││
││ Linked Events                                          ││
││ ├── PreToolUse (01:07:00)                              ││
││ └── PostToolUse (01:07:12)                             ││
││                                                        ││
││ Raw JSON                                               ││
││ {                                                      ││
││   "file_path": "/workspace/claude-insight/CLAUDE.md",  ││
││   "hook_event_name": "InstructionsLoaded",             ││
││   "load_reason": "session-start",                      ││
││   "memory_type": "project"                             ││
││ }                                                      ││
││                                                        ││
││                                                        ││
││                                                        ││
││                                                        ││
││                                                        ││
││                                                        ││
│└────────────────────────────────────────────────────────┘│
│ session- • $0.42 • 384 tok • 1 tools • 🔴 errors • 2026-0│
└──────────────────────────────────────────────────────────┘
