---
source: crates/tui/src/replay.rs
assertion_line: 519
expression: "render_replay(sample_selected_state(), 120, 40)"
---
┌ Replay session-  [Tab] focus  [1/2/3] jump  [Enter] evidence  [Esc] back ────────────────────────────────────────────┐
│┌ Timeline [1] ───────────────────────────────────────────┐┌ Transcript [2] ─────────────────────────────────────────┐│
││   🔧 2026-04-03T01:07:00Z                               ││ session session-                                        ││
││   ❓ 2026-04-03T01:07:05Z                               ││ branch feature/replay-layout                            ││
││ ▸ 🚫 2026-04-03T01:07:10Z  [selected]                   ││                                                         ││
││                                                         ││ Transcript content lands in MOT-130.                    ││
││                                                         ││ This ticket wires layout, focus, and responsive behavio ││
││                                                         ││                                                         ││
││                                                         ││                                                         ││
││                                                         ││                                                         ││
││                                                         ││                                                         ││
││                                                         ││                                                         ││
││                                                         ││                                                         ││
││                                                         ││                                                         ││
││                                                         ││                                                         ││
││                                                         ││                                                         ││
││                                                         ││                                                         ││
││                                                         ││                                                         ││
││                                                         ││                                                         ││
││                                                         ┌ Evidence [3] ────────────────────────────────────────────┐│
││                                                         │ InstructionsLoaded                                       ││
││                                                         │ 🚫  01:07:10                                             ││
││                                                         │                                                          ││
││                                                         │ Instruction Provenance                                   ││
││                                                         │ File: /workspace/claude-insight/CLAUDE.md                ││
││                                                         │ Memory: project                                          ││
││                                                         │ Reason: session-start                                    ││
││                                                         │                                                          ││
││                                                         │ Linked Events                                            ││
││                                                         │ ├── PreToolUse (01:07:00)                                ││
││                                                         │ └── PostToolUse (01:07:12)                               ││
││                                                         │                                                          ││
││                                                         │ Raw JSON                                                 ││
││                                                         │ {                                                        ││
││                                                         │   "file_path": "/workspace/claude-insight/CLAUDE.md",    ││
││                                                         │   "hook_event_name": "InstructionsLoaded",               ││
││                                                         └──────────────────────────────────────────────────────────┘│
│└─────────────────────────────────────────────────────────┘└─────────────────────────────────────────────────────────┘│
│                        session- • $0.42 • 384 tok • 1 tools • 🔴 errors • 2026-04-03T01:07:10Z                       │
└──────────────────────────────────────────────────────────────────────────────────────────────────────────────────────┘
