---
source: crates/tui/src/replay.rs
expression: "render_replay(sample_state(), 60, 30)"
---
┌ Replay session-  [Tab] focus  [1/2/3] jump  [Enter] evide┐
│┌ Timeline [1] ──────────────────────────────────────────┐│
││ 2026-04-03T01:07:00Z 🔧 Tool call                      ││
││ 2026-04-03T01:07:05Z 🛡️ Permission allowed             ││
││ 2026-04-03T01:07:10Z 🚫 Permission denied              ││
││                                                        ││
││                                                        ││
││                                                        ││
││                                                        ││
││                                                        ││
││                                                        ││
││                                                        ││
││                                                        ││
││                                                        ││
││                                                        ││
││                                                        ││
││                                                        ││
││                                                        ││
││                                                        ││
││                                                        ││
││                                                        ││
││                                                        ││
││                                                        ││
││                                                        ││
││                                                        ││
││                                                        ││
││ ███                                                    ││
│└────────────────────────────────────────────────────────┘│
│ session- • $0.42 • 384 tok • 1 tools • 🔴 errors • 2026-0│
└──────────────────────────────────────────────────────────┘
